11:59:18 **** Incremental Build of configuration Debug for project adcsingle ****
make -j4 all 
arm-none-eabi-gcc "../Core/Src/main.c" -mcpu=cortex-m4 -std=gnu11 -g3 -DUSE_HAL_DRIVER -DSTM32F401xE -DDEBUG -c -I../Core/Inc -I../Drivers/STM32F4xx_HAL_Driver/Inc -I../Drivers/STM32F4xx_HAL_Driver/Inc/Legacy -I../Drivers/CMSIS/Device/ST/STM32F4xx/Include -I../Drivers/CMSIS/Include -O0 -ffunction-sections -fdata-sections -Wall -fstack-usage -MMD -MP -MF"Core/Src/main.d" -MT"Core/Src/main.o" --specs=nano.specs -mfpu=fpv4-sp-d16 -mfloat-abi=hard -mthumb -o "Core/Src/main.o"
arm-none-eabi-gcc -o "adcsingle.elf" @"objects.list"   -mcpu=cortex-m4 -T"C:\Users\Hp\Desktop\stm32\adcsingle\STM32F401RETX_FLASH.ld" --specs=nosys.specs -Wl,-Map="adcsingle.map" -Wl,--gc-sections -static --specs=nano.specs -mfpu=fpv4-sp-d16 -mfloat-abi=hard -mthumb -Wl,--start-group -lc -lm -Wl,--end-group
Finished building target: adcsingle.elf
 
arm-none-eabi-objdump -h -S  adcsingle.elf  > "adcsingle.list"
arm-none-eabi-objcopy  -O binary  adcsingle.elf  "adcsingle.bin"
arm-none-eabi-size   adcsingle.elf 
   text	   data	    bss	    dec	    hex	filename
   7944	     20	   1668	   9632	   25a0	adcsingle.elf
Finished building: default.size.stdout
 
Finished building: adcsingle.bin
 
Finished building: adcsingle.list
 

11:59:22 Build Finished. 0 errors, 0 warnings. (took 4s.161ms)

