20:50:04 **** Incremental Build of configuration Debug for project i2c ****
make -j4 all 
arm-none-eabi-gcc "../Core/Src/main.c" -mcpu=cortex-m4 -std=gnu11 -g3 -DUSE_HAL_DRIVER -DSTM32F401xE -DDEBUG -c -I../Core/Inc -I../Drivers/STM32F4xx_HAL_Driver/Inc -I../Drivers/STM32F4xx_HAL_Driver/Inc/Legacy -I../Drivers/CMSIS/Device/ST/STM32F4xx/Include -I../Drivers/CMSIS/Include -O0 -ffunction-sections -fdata-sections -Wall -fstack-usage -MMD -MP -MF"Core/Src/main.d" -MT"Core/Src/main.o" --specs=nano.specs -mfpu=fpv4-sp-d16 -mfloat-abi=hard -mthumb -o "Core/Src/main.o"
arm-none-eabi-gcc -o "i2c.elf" @"objects.list"   -mcpu=cortex-m4 -T"C:\Users\Hp\Desktop\stm32\i2c\STM32F401RETX_FLASH.ld" --specs=nosys.specs -Wl,-Map="i2c.map" -Wl,--gc-sections -static --specs=nano.specs -mfpu=fpv4-sp-d16 -mfloat-abi=hard -mthumb -Wl,--start-group -lc -lm -Wl,--end-group
Finished building target: i2c.elf
 
arm-none-eabi-objdump -h -S  i2c.elf  > "i2c.list"
arm-none-eabi-objcopy  -O binary  i2c.elf  "i2c.bin"
arm-none-eabi-size   i2c.elf 
   text	   data	    bss	    dec	    hex	filename
  10604	     20	   1660	  12284	   2ffc	i2c.elf
Finished building: default.size.stdout
 
Finished building: i2c.bin
Finished building: i2c.list
 
 

20:50:06 Build Finished. 0 errors, 0 warnings. (took 2s.267ms)

