12:35:19 **** Build of configuration Debug for project led11 ****
make -j4 all 
arm-none-eabi-gcc "../Core/Src/main.c" -mcpu=cortex-m4 -std=gnu11 -g3 -DUSE_HAL_DRIVER -DSTM32F401xE -DDEBUG -c -I../Core/Inc -I../Drivers/STM32F4xx_HAL_Driver/Inc -I../Drivers/STM32F4xx_HAL_Driver/Inc/Legacy -I../Drivers/CMSIS/Device/ST/STM32F4xx/Include -I../Drivers/CMSIS/Include -O0 -ffunction-sections -fdata-sections -Wall -fstack-usage -MMD -MP -MF"Core/Src/main.d" -MT"Core/Src/main.o" --specs=nano.specs -mfpu=fpv4-sp-d16 -mfloat-abi=hard -mthumb -o "Core/Src/main.o"
arm-none-eabi-gcc -o "led11.elf" @"objects.list"   -mcpu=cortex-m4 -T"C:\Users\Hp\Desktop\stm32\led11\STM32F401RETX_FLASH.ld" --specs=nosys.specs -Wl,-Map="led11.map" -Wl,--gc-sections -static --specs=nano.specs -mfpu=fpv4-sp-d16 -mfloat-abi=hard -mthumb -Wl,--start-group -lc -lm -Wl,--end-group
Finished building target: led11.elf
 
arm-none-eabi-objdump -h -S  led11.elf  > "led11.list"
arm-none-eabi-objcopy  -O binary  led11.elf  "led11.bin"
arm-none-eabi-size   led11.elf 
   text	   data	    bss	    dec	    hex	filename
   5696	     20	   1572	   7288	   1c78	led11.elf
Finished building: default.size.stdout
 
Finished building: led11.bin
Finished building: led11.list
 
 

12:35:23 Build Finished. 0 errors, 0 warnings. (took 3s.804ms)

