19:25:29 **** Incremental Build of configuration Debug for project topus ****
make -j4 all 
arm-none-eabi-gcc "../Core/Src/main.c" -mcpu=cortex-m4 -std=gnu11 -g3 -DUSE_HAL_DRIVER -DSTM32F401xE -DDEBUG -c -I../Core/Inc -I../Drivers/STM32F4xx_HAL_Driver/Inc -I../Drivers/STM32F4xx_HAL_Driver/Inc/Legacy -I../Drivers/CMSIS/Device/ST/STM32F4xx/Include -I../Drivers/CMSIS/Include -O0 -ffunction-sections -fdata-sections -Wall -fstack-usage -MMD -MP -MF"Core/Src/main.d" -MT"Core/Src/main.o" --specs=nano.specs -mfpu=fpv4-sp-d16 -mfloat-abi=hard -mthumb -o "Core/Src/main.o"
arm-none-eabi-gcc -o "topus.elf" @"objects.list"   -mcpu=cortex-m4 -T"C:\Users\Hp\Desktop\stm32\topus\STM32F401RETX_FLASH.ld" --specs=nosys.specs -Wl,-Map="topus.map" -Wl,--gc-sections -static --specs=nano.specs -mfpu=fpv4-sp-d16 -mfloat-abi=hard -mthumb -Wl,--start-group -lc -lm -Wl,--end-group
Finished building target: topus.elf
 
arm-none-eabi-objdump -h -S  topus.elf  > "topus.list"
arm-none-eabi-objcopy  -O binary  topus.elf  "topus.bin"
arm-none-eabi-size   topus.elf 
   text	   data	    bss	    dec	    hex	filename
   5716	     20	   1572	   7308	   1c8c	topus.elf
Finished building: default.size.stdout
 
Finished building: topus.bin
 
Finished building: topus.list
 

19:25:30 Build Finished. 0 errors, 0 warnings. (took 1s.631ms)

