12:58:46 **** Incremental Build of configuration Debug for project uart_serial ****
make -j4 all 
arm-none-eabi-gcc "../Core/Src/main.c" -mcpu=cortex-m4 -std=gnu11 -g3 -DUSE_HAL_DRIVER -DSTM32F401xE -DDEBUG -c -I../Core/Inc -I../Drivers/STM32F4xx_HAL_Driver/Inc -I../Drivers/STM32F4xx_HAL_Driver/Inc/Legacy -I../Drivers/CMSIS/Device/ST/STM32F4xx/Include -I../Drivers/CMSIS/Include -O0 -ffunction-sections -fdata-sections -Wall -fstack-usage -MMD -MP -MF"Core/Src/main.d" -MT"Core/Src/main.o" --specs=nano.specs -mfpu=fpv4-sp-d16 -mfloat-abi=hard -mthumb -o "Core/Src/main.o"
arm-none-eabi-gcc -o "uart_serial.elf" @"objects.list"   -mcpu=cortex-m4 -T"C:\Users\Hp\Desktop\stm32\uart_serial\STM32F401RETX_FLASH.ld" --specs=nosys.specs -Wl,-Map="uart_serial.map" -Wl,--gc-sections -static --specs=nano.specs -mfpu=fpv4-sp-d16 -mfloat-abi=hard -mthumb -Wl,--start-group -lc -lm -Wl,--end-group
Finished building target: uart_serial.elf
 
arm-none-eabi-objdump -h -S  uart_serial.elf  > "uart_serial.list"
arm-none-eabi-objcopy  -O binary  uart_serial.elf  "uart_serial.bin"
arm-none-eabi-size   uart_serial.elf 
   text	   data	    bss	    dec	    hex	filename
  11548	     36	   1732	  13316	   3404	uart_serial.elf
Finished building: default.size.stdout
 
Finished building: uart_serial.bin
 
Finished building: uart_serial.list
 

12:58:48 Build Finished. 0 errors, 0 warnings. (took 1s.782ms)

